0,1,2
abc
0
0,2
0,a,2
0,b,1
0,c,2
1,a,1
1,b,2
1,c,2
2,a,2
2,b,2
2,c,2
